// Jest Snapshot v1, https://goo.gl/fbAQLP

exports[`Products component Products component 1`] = `
<div
  className="MuiGrid-root MuiGrid-container MuiGrid-spacing-xs-4"
/>
`;
